// Jest Snapshot v1, https://goo.gl/fbAQLP

exports[`FieldInput should render with the "input" component 1`] = `
<DocumentFragment>
  <div>
    <label
      class="block text-tiny md:text-sm text-neutral-shade-75 font-semibold mb-2 leading-normal"
      for="lorem"
    >
      Lorem ipsum
    </label>
    <div
      class="relative flex w-full items-center text-base font-normal text-neutral-shade-100 rounded-md border border-solid border-neutral-shade-26 rounded-md focus-within:ring-1 focus-within:ring-brand-gray-60 bg-neutral-light-100"
    >
      <input
        aria-errormessage=""
        aria-invalid="false"
        class="flex-auto rounded-md appearance-none focus:outline-none disabled:bg-neutral-light-77 read-only:cursor-default disabled:cursor-not-allowed disabled:opacity-38 min-w-0 p-2"
        id="lorem"
        placeholder="Lorem ipsum"
        type="text"
      />
    </div>
  </div>
</DocumentFragment>
`;
