// Jest Snapshot v1, https://goo.gl/fbAQLP

exports[`undefined should render with the "FieldDateTimePicker" component 1`] = `
<DocumentFragment>
  <div>
    <label
      class="block text-tiny md:text-sm text-neutral-shade-75 font-semibold mb-2 leading-normal"
      for="datetime-picker"
    >
      Lorem ipsum
    </label>
    <div
      class="relative flex w-full items-center text-base font-normal text-neutral-shade-100 rounded-md border border-solid text-neutral-shade-58 border-neutral-shade-26 rounded-md focus-within:ring-1 focus-within:ring-brand-gray-60 bg-neutral-light-100"
    >
      <i
        aria-hidden="true"
        class="ci-calendar ml-2 pointer-events-none w-6 h-6 text-xl leading-none bg-white text-neutral-shade-58"
      />
      <input
        aria-errormessage=""
        aria-invalid="false"
        class="flex-auto rounded-md appearance-none focus:outline-none disabled:bg-neutral-light-77 read-only:cursor-default disabled:cursor-not-allowed disabled:opacity-38 min-w-0 root p-2"
        id="datetime-picker"
        name="datetime-picker"
        pattern="[0-9]{4}-[0-9]{2}-[0-9]{2}T[0-9]{2}:[0-9]{2}"
        type="datetime-local"
        value=""
      />
    </div>
  </div>
</DocumentFragment>
`;
