// Jest Snapshot v1, https://goo.gl/fbAQLP

exports[`Upload when the page renders should match the snapshot 1`] = `
<DocumentFragment>
  <div
    class="flex justify-between"
  >
    <h6
      class="text-xl text-neutral-shade-100 font-semibold"
    >
      Documents
    </h6>
    <button
      class="text-center truncate disabled:opacity-38 disabled:cursor-not-allowed text-base rounded-md font-semibold bg-neutral-light-100 border border-neutral-shade-26 shadow-5 hover:shadow-10 text-neutral-shade-75 hidden sm:block"
      type="button"
    >
      <div
        class="flex items-center justify-center h-full hover:bg-neutral-light-16 focus:bg-neutral-shade-7 active:bg-neutral-shade-7 px-2.5 py-2"
      >
        <i
          aria-hidden="true"
          class="ci-file_blank_outline"
        />
        <span
          class="mx-1 truncate"
        >
          Add documents
        </span>
      </div>
    </button>
    <input
      accept=".pdf,.doc,.docx,.xls,.xlsx,.ppt,.pptx"
      class="hidden"
      multiple=""
      title="file-uploader"
      type="file"
    />
  </div>
  <div
    class="text-xs font-normal text-neutral-shade-75 mt-0.5"
  >
    <p>
      PDF, DOC, DOCX, XLS, XLSX, PPT, PPTX
    </p>
    <p>
      Max file size: 10MB
    </p>
  </div>
  <div
    class="mt-6"
  />
  <button
    class="text-center truncate disabled:opacity-38 disabled:cursor-not-allowed text-base rounded-md font-semibold bg-neutral-light-100 border border-neutral-shade-26 shadow-5 hover:shadow-10 text-neutral-shade-75 block sm:hidden mt-4 w-full"
    type="button"
  >
    <div
      class="flex items-center justify-center h-full hover:bg-neutral-light-16 focus:bg-neutral-shade-7 active:bg-neutral-shade-7 px-2.5 py-2"
    >
      <i
        aria-hidden="true"
        class="ci-file_blank_outline"
      />
      <span
        class="mx-1 truncate"
      >
        Add documents
      </span>
    </div>
  </button>
</DocumentFragment>
`;
