// Jest Snapshot v1, https://goo.gl/fbAQLP

exports[`TaskContent when task contain hazards should render a list of hazards and controls 1`] = `
<DocumentFragment>
  <div
    class="bg-brand-gray-10 px-4 py-2"
  >
    <div
      class="text-base text-neutral-shade-100 mb-2"
      data-testid="hazardCard"
    >
      <header
        class="flex flex-1 text-brand-gray-80 py-2 pr-2 mr-1 font-semibold"
      >
        hazard 123
      </header>
      <div
        class="flex text-base text-neutral-shade-100 p-3 border-dashed border border-brand-gray-30 rounded mt-2 first:mt-0"
        data-testid="controlCard"
      >
        <span
          class="flex-1"
        >
          control name
        </span>
      </div>
      <div
        class="flex text-base text-neutral-shade-100 p-3 border-dashed border border-brand-gray-30 rounded mt-2 first:mt-0"
        data-testid="controlCard"
      >
        <span
          class="flex-1"
        >
          control name 2
        </span>
      </div>
    </div>
    <div
      class="text-base text-neutral-shade-100 mb-2"
      data-testid="hazardCard"
    >
      <header
        class="flex flex-1 text-brand-gray-80 py-2 pr-2 mr-1 font-semibold"
      >
        hazard 123
      </header>
      <div
        class="flex text-base text-neutral-shade-100 p-3 border-dashed border border-brand-gray-30 rounded mt-2 first:mt-0"
        data-testid="controlCard"
      >
        <span
          class="flex-1"
        >
          control name
        </span>
      </div>
      <div
        class="flex text-base text-neutral-shade-100 p-3 border-dashed border border-brand-gray-30 rounded mt-2 first:mt-0"
        data-testid="controlCard"
      >
        <span
          class="flex-1"
        >
          control name 2
        </span>
      </div>
    </div>
  </div>
</DocumentFragment>
`;
