// Jest Snapshot v1, https://goo.gl/fbAQLP

exports[`Loader should render correctly 1`] = `
<DocumentFragment>
  <div
    class="py-4 lg:bg-white"
    data-testid="list-project-loader"
  >
    <div
      class="hidden lg:block"
    >
      <div
        class="_tr flex w-max px-4 bg-white min-h-[3.5rem] items-center"
        role="row"
        style="top: 0px; left: 0px; min-width: 100%;"
      >
        <div
          class="_td flex-grow"
        >
          <span
            class="w-32 h-5 rounded animate-pulse block bg-gray-300"
          />
        </div>
        <div
          class="_td flex-grow"
        >
          <span
            class="w-32 h-5 rounded animate-pulse block bg-gray-200"
          />
        </div>
        <div
          class="_td flex-grow"
        >
          <span
            class="w-32 h-5 rounded animate-pulse block bg-gray-300"
          />
        </div>
        <div
          class="_td flex-grow"
        >
          <span
            class="w-32 h-5 rounded animate-pulse block bg-gray-200"
          />
        </div>
        <div
          class="_td flex-grow"
        >
          <span
            class="w-32 h-5 rounded animate-pulse block bg-gray-300"
          />
        </div>
        <div
          class="_td flex-grow"
        >
          <span
            class="w-32 h-5 rounded animate-pulse block bg-gray-200"
          />
        </div>
      </div>
      <div
        class="_tr flex w-max px-4 bg-white min-h-[3.5rem] items-center"
        role="row"
        style="top: 0px; left: 0px; min-width: 100%;"
      >
        <div
          class="_td flex-grow"
        >
          <span
            class="w-32 h-5 rounded animate-pulse block bg-gray-300"
          />
        </div>
        <div
          class="_td flex-grow"
        >
          <span
            class="w-32 h-5 rounded animate-pulse block bg-gray-200"
          />
        </div>
        <div
          class="_td flex-grow"
        >
          <span
            class="w-32 h-5 rounded animate-pulse block bg-gray-300"
          />
        </div>
        <div
          class="_td flex-grow"
        >
          <span
            class="w-32 h-5 rounded animate-pulse block bg-gray-200"
          />
        </div>
        <div
          class="_td flex-grow"
        >
          <span
            class="w-32 h-5 rounded animate-pulse block bg-gray-300"
          />
        </div>
        <div
          class="_td flex-grow"
        >
          <span
            class="w-32 h-5 rounded animate-pulse block bg-gray-200"
          />
        </div>
      </div>
      <div
        class="_tr flex w-max px-4 bg-white min-h-[3.5rem] items-center"
        role="row"
        style="top: 0px; left: 0px; min-width: 100%;"
      >
        <div
          class="_td flex-grow"
        >
          <span
            class="w-32 h-5 rounded animate-pulse block bg-gray-300"
          />
        </div>
        <div
          class="_td flex-grow"
        >
          <span
            class="w-32 h-5 rounded animate-pulse block bg-gray-200"
          />
        </div>
        <div
          class="_td flex-grow"
        >
          <span
            class="w-32 h-5 rounded animate-pulse block bg-gray-300"
          />
        </div>
        <div
          class="_td flex-grow"
        >
          <span
            class="w-32 h-5 rounded animate-pulse block bg-gray-200"
          />
        </div>
        <div
          class="_td flex-grow"
        >
          <span
            class="w-32 h-5 rounded animate-pulse block bg-gray-300"
          />
        </div>
        <div
          class="_td flex-grow"
        >
          <span
            class="w-32 h-5 rounded animate-pulse block bg-gray-200"
          />
        </div>
      </div>
    </div>
    <div
      class="lg:hidden grid gap-4 grid-cols-auto-fill-list-card"
    >
      <div
        class="flex rounded bg-white shadow-5"
      >
        <div
          class="flex-1 p-6"
        >
          <header
            class="h-5 rounded animate-pulse w-1/2 bg-gray-300"
          />
          <div
            class="mt-4"
          >
            <div
              class="flex border-solid border-t my-1 py-1 text-sm "
            >
              <span
                class="flex-1"
              >
                <div
                  class="h-3 rounded animate-pulse w-1/3 bg-gray-300"
                />
              </span>
              <span
                class="h-3 rounded animate-pulse w-2/5 bg-gray-200"
              />
            </div>
            <div
              class="flex border-solid border-t my-1 py-1 text-sm "
            >
              <span
                class="flex-1"
              >
                <div
                  class="h-3 rounded animate-pulse w-1/3 bg-gray-300"
                />
              </span>
              <span
                class="h-3 rounded animate-pulse w-2/5 bg-gray-200"
              />
            </div>
            <div
              class="flex border-solid border-t my-1 py-1 text-sm "
            >
              <span
                class="flex-1"
              >
                <div
                  class="h-3 rounded animate-pulse w-1/3 bg-gray-300"
                />
              </span>
              <span
                class="h-3 rounded animate-pulse w-2/5 bg-gray-200"
              />
            </div>
            <div
              class="flex border-solid border-t my-1 py-1 text-sm "
            >
              <span
                class="flex-1"
              >
                <div
                  class="h-3 rounded animate-pulse w-1/3 bg-gray-300"
                />
              </span>
              <span
                class="h-3 rounded animate-pulse w-2/5 bg-gray-200"
              />
            </div>
            <div
              class="flex border-solid border-t my-1 py-1 text-sm "
            >
              <span
                class="flex-1"
              >
                <div
                  class="h-3 rounded animate-pulse w-1/3 bg-gray-300"
                />
              </span>
              <span
                class="h-3 rounded animate-pulse w-2/5 bg-gray-200"
              />
            </div>
          </div>
        </div>
      </div>
      <div
        class="flex rounded bg-white shadow-5"
      >
        <div
          class="flex-1 p-6"
        >
          <header
            class="h-5 rounded animate-pulse w-1/2 bg-gray-300"
          />
          <div
            class="mt-4"
          >
            <div
              class="flex border-solid border-t my-1 py-1 text-sm "
            >
              <span
                class="flex-1"
              >
                <div
                  class="h-3 rounded animate-pulse w-1/3 bg-gray-300"
                />
              </span>
              <span
                class="h-3 rounded animate-pulse w-2/5 bg-gray-200"
              />
            </div>
            <div
              class="flex border-solid border-t my-1 py-1 text-sm "
            >
              <span
                class="flex-1"
              >
                <div
                  class="h-3 rounded animate-pulse w-1/3 bg-gray-300"
                />
              </span>
              <span
                class="h-3 rounded animate-pulse w-2/5 bg-gray-200"
              />
            </div>
            <div
              class="flex border-solid border-t my-1 py-1 text-sm "
            >
              <span
                class="flex-1"
              >
                <div
                  class="h-3 rounded animate-pulse w-1/3 bg-gray-300"
                />
              </span>
              <span
                class="h-3 rounded animate-pulse w-2/5 bg-gray-200"
              />
            </div>
            <div
              class="flex border-solid border-t my-1 py-1 text-sm "
            >
              <span
                class="flex-1"
              >
                <div
                  class="h-3 rounded animate-pulse w-1/3 bg-gray-300"
                />
              </span>
              <span
                class="h-3 rounded animate-pulse w-2/5 bg-gray-200"
              />
            </div>
            <div
              class="flex border-solid border-t my-1 py-1 text-sm "
            >
              <span
                class="flex-1"
              >
                <div
                  class="h-3 rounded animate-pulse w-1/3 bg-gray-300"
                />
              </span>
              <span
                class="h-3 rounded animate-pulse w-2/5 bg-gray-200"
              />
            </div>
          </div>
        </div>
      </div>
    </div>
  </div>
</DocumentFragment>
`;
