// Jest Snapshot v1, https://goo.gl/fbAQLP

exports[`PopoverPrimary when it renders should match the snapshot 1`] = `
<DocumentFragment>
  <div
    class="relative"
  >
    <button
      aria-expanded="false"
      class="text-center truncate disabled:opacity-38 disabled:cursor-not-allowed text-base rounded-md font-semibold text-white bg-brand-urbint-40"
      id="headlessui-popover-button-1"
      type="button"
    >
      <div
        class="flex items-center justify-center h-full hover:bg-neutral-light-16 focus:bg-neutral-shade-7 active:bg-neutral-shade-7 px-2.5 py-2"
      >
        <span
          class="mx-1 truncate"
        >
          Open me
        </span>
      </div>
    </button>
  </div>
</DocumentFragment>
`;
